// Vitest Snapshot v1, https://vitest.dev/guide/snapshot.html

exports[`AnchoredOverlay > should render consistently when open 1`] = `
<div>
  <div
    class="_BaseStyles_1n09d_56"
    data-color-mode="light"
    data-dark-theme="dark"
    data-light-theme="light"
    data-portal-root="true"
  >
    <button
      aria-describedby=":rd:-loading-announcement"
      aria-expanded="true"
      aria-haspopup="true"
      class="_ButtonBase_149hc_2"
      data-loading="false"
      data-no-visuals="true"
      data-size="medium"
      data-variant="default"
      id=":rd:"
      tabindex="0"
      type="button"
    >
      <span
        class="_ButtonContent_149hc_101"
        data-align="center"
        data-component="buttonContent"
      >
        <span
          class="_Label_149hc_128"
          data-component="text"
        >
          Anchor Button
        </span>
      </span>
    </button>
    <div
      id="__primerPortalRoot__"
      style="position: absolute; top: 0px; left: 0px;"
    >
      <div
        style="position: relative; z-index: 1;"
      >
        <div
          class="_Overlay_1a2ug_11"
          data-focus-trap="active"
          data-height-auto=""
          data-variant="anchored"
          data-visibility-visible=""
          data-width-auto=""
          role="none"
          style="left: 0px; top: 26.8438px;"
        >
          <span
            aria-hidden="true"
            class="sentinel"
            tabindex="0"
          />
          <button
            class="focus-visible"
            data-focus-visible-added=""
            tabindex="0"
            type="button"
          >
            Focusable Child
          </button>
          <span
            aria-hidden="true"
            class="sentinel"
            tabindex="0"
          />
        </div>
      </div>
    </div>
  </div>
</div>
`;
