// Jest Snapshot v1, https://goo.gl/fbAQLP

exports[`ToggleSwitch renders consistently 1`] = `
.c0 {
  display: -webkit-inline-box;
  display: -webkit-inline-flex;
  display: -ms-inline-flexbox;
  display: inline-flex;
  -webkit-align-items: center;
  -webkit-box-align: center;
  -ms-flex-align: center;
  align-items: center;
  -webkit-flex-direction: row;
  -ms-flex-direction: row;
  flex-direction: row;
}

.c2 {
  text-align: right;
  visibility: hidden;
  height: 0;
}

.c3 {
  text-align: right;
}

.c5 {
  display: -webkit-box;
  display: -webkit-flex;
  display: -ms-flexbox;
  display: flex;
  width: 100%;
  height: 100%;
  overflow: hidden;
  -webkit-align-items: center;
  -webkit-box-align: center;
  -ms-flex-align: center;
  align-items: center;
}

.c6 {
  color: #ffffff;
  line-height: 0;
  -webkit-box-flex: 1;
  -webkit-flex-grow: 1;
  -ms-flex-positive: 1;
  flex-grow: 1;
  -webkit-flex-shrink: 0;
  -ms-flex-negative: 0;
  flex-shrink: 0;
  -webkit-flex-basis: 50%;
  -ms-flex-preferred-size: 50%;
  flex-basis: 50%;
  -webkit-transform: translateX(-100%);
  -ms-transform: translateX(-100%);
  transform: translateX(-100%);
  -webkit-transition-property: -webkit-transform;
  -webkit-transition-property: transform;
  transition-property: transform;
  -webkit-transition-duration: 80ms;
  transition-duration: 80ms;
}

.c7 {
  color: #656d76;
  line-height: 0;
  -webkit-box-flex: 1;
  -webkit-flex-grow: 1;
  -ms-flex-positive: 1;
  flex-grow: 1;
  -webkit-flex-shrink: 0;
  -ms-flex-negative: 0;
  flex-shrink: 0;
  -webkit-flex-basis: 50%;
  -ms-flex-preferred-size: 50%;
  flex-basis: 50%;
  -webkit-transform: translateX(0);
  -ms-transform: translateX(0);
  transform: translateX(0);
  -webkit-transition-property: -webkit-transform;
  -webkit-transition-property: transform;
  transition-property: transform;
  -webkit-transition-duration: 80ms;
  transition-duration: 80ms;
}

.c1 {
  font-size: 14px;
  color: #1F2328;
  margin-left: 8px;
  margin-right: 8px;
  position: relative;
  cursor: pointer;
}

.c4 {
  vertical-align: middle;
  cursor: pointer;
  -webkit-user-select: none;
  -moz-user-select: none;
  -ms-user-select: none;
  user-select: none;
  -webkit-appearance: none;
  -moz-appearance: none;
  appearance: none;
  -webkit-text-decoration: none;
  text-decoration: none;
  padding: 0;
  -webkit-transition-property: background-color,border-color;
  transition-property: background-color,border-color;
  -webkit-transition-duration: 80ms;
  transition-duration: 80ms;
  -webkit-transition-timing-function: cubic-bezier(0.5,1,0.89,1);
  transition-timing-function: cubic-bezier(0.5,1,0.89,1);
  border-radius: 6px;
  border-style: solid;
  border-width: 1px;
  display: block;
  height: 32px;
  width: 64px;
  outline-offset: 3px;
  position: relative;
  overflow: hidden;
  background-color: #eaeef2;
  border-color: transparent;
}

.c4:hover,
.c4:focus:focus-visible {
  background-color: hsla(210,24%,90%,1);
}

.c4:active,
.c4:active:focus-visible {
  background-color: hsla(210,24%,88%,1);
}

.c4:active {
  background-color: hsla(210,24%,88%,1);
}

.c8 {
  background-color: #ffffff;
  border-width: 1px;
  border-style: solid;
  border-color: #858F99;
  border-radius: calc(6px - 1px);
  width: 50%;
  position: absolute;
  top: 0;
  bottom: 0;
  -webkit-transition-property: -webkit-transform;
  -webkit-transition-property: transform;
  transition-property: transform;
  -webkit-transition-duration: 80ms;
  transition-duration: 80ms;
  -webkit-transition-timing-function: cubic-bezier(0.5,1,0.89,1);
  transition-timing-function: cubic-bezier(0.5,1,0.89,1);
  -webkit-transform: translateX(0px);
  -ms-transform: translateX(0px);
  transform: translateX(0px);
  z-index: 1;
}

@media (pointer:coarse) {
  .c4:before {
    content: '';
    position: absolute;
    left: 0;
    right: 0;
    -webkit-transform: translateY(-50%);
    -ms-transform: translateY(-50%);
    transform: translateY(-50%);
    top: 50%;
    min-height: 44px;
  }
}

@media (prefers-reduced-motion) {
  .c4 {
    -webkit-transition: none;
    transition: none;
  }

  .c4 * {
    -webkit-transition: none;
    transition: none;
  }
}

@media (prefers-reduced-motion) {
  .c8 {
    -webkit-transition: none;
    transition: none;
  }
}

<div
  className="c0"
  display="inline-flex"
>
  <span
    aria-hidden="true"
    className="c1"
    color="fg.default"
    fontSize={1}
    onClick={[Function]}
  >
    <div
      className="c2"
    >
      On
    </div>
    <div
      className="c3"
    >
      Off
    </div>
  </span>
  <button
    aria-describedby="loadingLabel"
    aria-disabled={false}
    aria-pressed={false}
    checked={false}
    className="c4"
    onClick={[Function]}
    size="medium"
  >
    <div
      aria-hidden="true"
      className="c5"
      display="flex"
      height="100%"
      overflow="hidden"
      width="100%"
    >
      <div
        className="c6"
        color="switchTrack.checked.fg"
      >
        <svg
          aria-hidden="true"
          fill="currentColor"
          height="16"
          viewBox="0 0 16 16"
          width="16"
          xmlns="http://www.w3.org/2000/svg"
        >
          <path
            d="M8 2a.75.75 0 0 1 .75.75v11.5a.75.75 0 0 1-1.5 0V2.75A.75.75 0 0 1 8 2Z"
            fillRule="evenodd"
          />
        </svg>
      </div>
      <div
        className="c7"
        color="switchTrack.fg"
      >
        <svg
          aria-hidden="true"
          fill="currentColor"
          height="16"
          viewBox="0 0 16 16"
          width="16"
          xmlns="http://www.w3.org/2000/svg"
        >
          <path
            d="M8 12.5a4.5 4.5 0 1 0 0-9 4.5 4.5 0 0 0 0 9ZM8 14A6 6 0 1 0 8 2a6 6 0 0 0 0 12Z"
            fillRule="evenodd"
          />
        </svg>
      </div>
    </div>
    <div
      aria-disabled={false}
      aria-hidden="true"
      checked={false}
      className="c8"
    />
  </button>
</div>
`;
