// Jest Snapshot v1, https://goo.gl/fbAQLP

exports[`BaseStyles has default styles 1`] = `
.c0 {
  font-family: normal;
  line-height: default;
  color: fg.default;
}

<div>
  <div
    class="c0"
    color="fg.default"
    data-color-mode="light"
    data-portal-root="true"
    font-family="normal"
  />
</div>
`;
