// Jest Snapshot v1, https://goo.gl/fbAQLP

exports[`ProgressBar respects the "progress" prop 1`] = `
.c1 {
  width: 80%;
  background-color: var(--bgColor-success-emphasis,var(--color-success-emphasis,#1f883d));
  background-color: var(--bgColor-success-emphasis,var(--color-success-emphasis,#1f883d));
}

.c0 {
  display: -webkit-box;
  display: -webkit-flex;
  display: -ms-flexbox;
  display: flex;
  overflow: hidden;
  background-color: var(--borderColor-default,var(--color-border-default,#d0d7de));
  border-radius: 3px;
  height: 8px;
}

@media (prefers-reduced-motion:no-preference) {
  .c1[data-animated='true'] {
    -webkit-mask-image: linear-gradient(75deg,#000 30%,rgba(0,0,0,0.65) 80%);
    mask-image: linear-gradient(75deg,#000 30%,rgba(0,0,0,0.65) 80%);
    -webkit-mask-size: 200%;
    mask-size: 200%;
    -webkit-animation: jiNfbM;
    animation: jiNfbM;
    -webkit-animation-duration: 1s;
    animation-duration: 1s;
    -webkit-animation-iteration-count: infinite;
    animation-iteration-count: infinite;
  }
}

<span
  aria-label="Upload test.png"
  aria-valuemax={100}
  aria-valuemin={0}
  aria-valuenow={80}
  className="c0"
  role="progressbar"
>
  <span
    className="c1"
  />
</span>
`;
