// Jest Snapshot v1, https://goo.gl/fbAQLP

exports[`SubNav.Link respects the "selected" prop 1`] = `
.c0 {
  padding-left: 16px;
  padding-right: 16px;
  font-weight: 500;
  font-size: 14px;
  line-height: 20px;
  min-height: 34px;
  color: var(--fgColor-default,var(--color-fg-default,#1F2328));
  text-align: center;
  -webkit-text-decoration: none;
  text-decoration: none;
  border-top: 1px solid var(--borderColor-default,var(--color-border-default,#d0d7de));
  border-bottom: 1px solid var(--borderColor-default,var(--color-border-default,#d0d7de));
  border-right: 1px solid var(--borderColor-default,var(--color-border-default,#d0d7de));
  display: -webkit-box;
  display: -webkit-flex;
  display: -ms-flexbox;
  display: flex;
  -webkit-align-items: center;
  -webkit-box-align: center;
  -ms-flex-align: center;
  align-items: center;
}

.c0:first-of-type {
  border-top-left-radius: 6px;
  border-bottom-left-radius: 6px;
  border-left: 1px solid var(--borderColor-default,var(--color-border-default,#d0d7de));
}

.c0:last-of-type {
  border-top-right-radius: 6px;
  border-bottom-right-radius: 6px;
}

.c0:hover,
.c0:focus {
  -webkit-text-decoration: none;
  text-decoration: none;
  background-color: var(--bgColor-muted,var(--color-canvas-subtle,#f6f8fa));
  -webkit-transition: background-color 0.2s ease;
  transition: background-color 0.2s ease;
}

.c0.selected {
  color: var(--fgColor-onEmphasis,var(--color-fg-on-emphasis,#ffffff));
  background-color: var(--bgColor-accent-emphasis,var(--color-accent-emphasis,#0969da));
  border-color: var(--bgColor-accent-emphasis,var(--color-accent-emphasis,#0969da));
}

<a
  className="c0 SubNav-item selected"
  data-selected={true}
  selected={true}
/>
`;
