// Jest Snapshot v1, https://goo.gl/fbAQLP

exports[`has default theme 1`] = `
.c0 {
  color: var(--fgColor-default,var(--color-fg-default,#1F2328));
  margin-bottom: 4px;
}

.c0:where([data-size='small']) {
  font-size: var(--text-body-size-small,0.75rem);
  line-height: var(--text-body-lineHeight-small,1.6666);
}

.c0:where([data-size='medium']) {
  font-size: var(--text-body-size-medium,0.875rem);
  line-height: var(--text-body-lineHeight-medium,1.4285);
}

.c0:where([data-size='large']) {
  font-size: var(--text-body-size-large,1rem);
  line-height: var(--text-body-lineHeight-large,1.5);
}

.c0:where([data-weight='light']) {
  font-weight: var(--base-text-weight-light,300);
}

.c0:where([data-weight='normal']) {
  font-weight: var(--base-text-weight-normal,400);
}

.c0:where([data-weight='medium']) {
  font-weight: var(--base-text-weight-medium,500);
}

.c0:where([data-weight='semibold']) {
  font-weight: var(--base-text-weight-semibold,600);
}

<span
  class="c0"
  color="fg.default"
>
  Hello
</span>
`;
