// Jest Snapshot v1, https://goo.gl/fbAQLP

exports[`Timeline renders with clipSidebar prop 1`] = `
<div
  className="Timeline"
  data-clip-sidebar=""
/>
`;

exports[`Timeline.Item renders with condensed prop 1`] = `
<div
  className="Timeline-Item TimelineItem"
  data-condensed=""
/>
`;
