// Jest Snapshot v1, https://goo.gl/fbAQLP

exports[`Banner should throw an error if no title is provided 1`] = `"Expected a title to be provided to the <Banner> component with the \`title\` prop or through \`<Banner.Title>\` but no title was found"`;
