// Vitest Snapshot v1, https://vitest.dev/guide/snapshot.html

exports[`@primer/styled-react exports 1`] = `
[
  "ActionList",
  "ActionMenu",
  "Autocomplete",
  "Avatar",
  "Box",
  "BranchName",
  "Breadcrumbs",
  "Button",
  "Checkbox",
  "CheckboxGroup",
  "CircleBadge",
  "CounterLabel",
  "Details",
  "Dialog",
  "Flash",
  "FormControl",
  "Header",
  "Heading",
  "IconButton",
  "Label",
  "Link",
  "LinkButton",
  "merge",
  "NavList",
  "Overlay",
  "PageHeader",
  "PageLayout",
  "Popover",
  "ProgressBar",
  "RadioGroup",
  "RelativeTime",
  "SegmentedControl",
  "Select",
  "Spinner",
  "StateLabel",
  "SubNav",
  "sx",
  "Text",
  "Textarea",
  "TextInput",
  "theme",
  "themeGet",
  "ThemeProvider",
  "Timeline",
  "ToggleSwitch",
  "Token",
  "Tooltip",
  "Truncate",
  "UnderlineNav",
  "useColorSchemeVar",
  "useTheme",
]
`;

exports[`@primer/styled-react/deprecated exports 1`] = `
[
  "Dialog",
  "Octicon",
  "TabNav",
  "Tooltip",
]
`;

exports[`@primer/styled-react/experimental exports 1`] = `
[
  "Dialog",
  "PageHeader",
  "Table",
  "Tooltip",
  "UnderlinePanels",
]
`;
