// Jest Snapshot v1, https://goo.gl/fbAQLP

exports[`Hidden renders \`when\` prop as expected 1`] = `
<div>
  <div
    class="Hidden"
    style="--hiddenDisplay-narrow: none;"
  >
    <div>
      Hidden when narrow
    </div>
  </div>
</div>
`;
