// Vitest Snapshot v1, https://vitest.dev/guide/snapshot.html

exports[`ProgressBar > respects the "progress" prop 1`] = `
{
  "asFragment": [Function],
  "baseElement": <body>
    
  


    <div>
      <span
        class="_ProgressBarContainer_1bos7_27"
        data-progress-bar-size="default"
        data-progress-display="block"
      >
        <span
          aria-label="Upload test.png"
          aria-valuemax="100"
          aria-valuemin="0"
          aria-valuenow="80"
          class="sc-aXZVg lfjCwU _ProgressBarItem_1bos7_11"
          role="progressbar"
          style="--progress-width: 80%; --progress-bg: var(--bgColor-success-emphasis);"
        />
      </span>
    </div>
  </body>,
  "container": <div>
    <span
      class="_ProgressBarContainer_1bos7_27"
      data-progress-bar-size="default"
      data-progress-display="block"
    >
      <span
        aria-label="Upload test.png"
        aria-valuemax="100"
        aria-valuemin="0"
        aria-valuenow="80"
        class="sc-aXZVg lfjCwU _ProgressBarItem_1bos7_11"
        role="progressbar"
        style="--progress-width: 80%; --progress-bg: var(--bgColor-success-emphasis);"
      />
    </span>
  </div>,
  "debug": [Function],
  "findAllByAltText": [Function],
  "findAllByDisplayValue": [Function],
  "findAllByLabelText": [Function],
  "findAllByPlaceholderText": [Function],
  "findAllByRole": [Function],
  "findAllByTestId": [Function],
  "findAllByText": [Function],
  "findAllByTitle": [Function],
  "findByAltText": [Function],
  "findByDisplayValue": [Function],
  "findByLabelText": [Function],
  "findByPlaceholderText": [Function],
  "findByRole": [Function],
  "findByTestId": [Function],
  "findByText": [Function],
  "findByTitle": [Function],
  "getAllByAltText": [Function],
  "getAllByDisplayValue": [Function],
  "getAllByLabelText": [Function],
  "getAllByPlaceholderText": [Function],
  "getAllByRole": [Function],
  "getAllByTestId": [Function],
  "getAllByText": [Function],
  "getAllByTitle": [Function],
  "getByAltText": [Function],
  "getByDisplayValue": [Function],
  "getByLabelText": [Function],
  "getByPlaceholderText": [Function],
  "getByRole": [Function],
  "getByTestId": [Function],
  "getByText": [Function],
  "getByTitle": [Function],
  "queryAllByAltText": [Function],
  "queryAllByDisplayValue": [Function],
  "queryAllByLabelText": [Function],
  "queryAllByPlaceholderText": [Function],
  "queryAllByRole": [Function],
  "queryAllByTestId": [Function],
  "queryAllByText": [Function],
  "queryAllByTitle": [Function],
  "queryByAltText": [Function],
  "queryByDisplayValue": [Function],
  "queryByLabelText": [Function],
  "queryByPlaceholderText": [Function],
  "queryByRole": [Function],
  "queryByTestId": [Function],
  "queryByText": [Function],
  "queryByTitle": [Function],
  "rerender": [Function],
  "unmount": [Function],
}
`;
